// Jest Snapshot v1, https://goo.gl/fbAQLP

exports[`Product should be like snapshot 1`] = `ReactWrapper {}`;
